// Jest Snapshot v1, https://goo.gl/fbAQLP

exports[`LobbyGamePage renders the LobbyGamePage component and matches snapshot 1`] = `
<DocumentFragment>
  <div
    class="container mt-5"
  >
    <h2>
      Lobby Host : TestPlayer , you are here in the lobby game.
    </h2>
    <p>
      Loading teams...
    </p>
  </div>
</DocumentFragment>
`;
